/sda/home/wangyuxin/ConvIR-B/repos/ConvIR-B-v3o-signed-adjacent-advantage-20260712/Dehazing/ITS/d7c_gate.py:45: FutureWarning: You are using `torch.load` with `weights_only=False` (the current default value), which uses the default pickle module implicitly. It is possible to construct malicious pickle data which will execute arbitrary code during unpickling (See https://github.com/pytorch/pytorch/blob/main/SECURITY.md#untrusted-models for more details). In a future release, the default value for `weights_only` will be flipped to `True`. This limits the functions that could be executed during unpickling. Arbitrary objects will no longer be allowed to be loaded via this mode unless they are explicitly allowlisted by the user via `torch.serialization.add_safe_globals`. We recommend you start setting `weights_only=True` for any use case where you don't have full control of the loaded file. Please open an issue on GitHub for any issues related to this experimental feature.
  state = torch.load(path, map_location=map_location)
/sda/home/wangyuxin/ConvIR-B/repos/ConvIR-B-v3o-signed-adjacent-advantage-20260712/Dehazing/ITS/d7c_gate.py:93: FutureWarning: You are using `torch.load` with `weights_only=False` (the current default value), which uses the default pickle module implicitly. It is possible to construct malicious pickle data which will execute arbitrary code during unpickling (See https://github.com/pytorch/pytorch/blob/main/SECURITY.md#untrusted-models for more details). In a future release, the default value for `weights_only` will be flipped to `True`. This limits the functions that could be executed during unpickling. Arbitrary objects will no longer be allowed to be loaded via this mode unless they are explicitly allowlisted by the user via `torch.serialization.add_safe_globals`. We recommend you start setting `weights_only=True` for any use case where you don't have full control of the loaded file. Please open an issue on GitHub for any issues related to this experimental feature.
  checkpoint = torch.load(path, map_location=device)
/sda/home/wangyuxin/ConvIR-B/repos/ConvIR-B-v3o-signed-adjacent-advantage-20260712/Dehazing/ITS/d7c_gate.py:103: FutureWarning: You are using `torch.load` with `weights_only=False` (the current default value), which uses the default pickle module implicitly. It is possible to construct malicious pickle data which will execute arbitrary code during unpickling (See https://github.com/pytorch/pytorch/blob/main/SECURITY.md#untrusted-models for more details). In a future release, the default value for `weights_only` will be flipped to `True`. This limits the functions that could be executed during unpickling. Arbitrary objects will no longer be allowed to be loaded via this mode unless they are explicitly allowlisted by the user via `torch.serialization.add_safe_globals`. We recommend you start setting `weights_only=True` for any use case where you don't have full control of the loaded file. Please open an issue on GitHub for any issues related to this experimental feature.
  checkpoint = torch.load(path, map_location=device)
/sda/home/wangyuxin/ConvIR-B/repos/ConvIR-B-v3o-signed-adjacent-advantage-20260712/experience_docx/tools/chd_rm_v3o_a0_candidate_gain_audit.py:269: FutureWarning: You are using `torch.load` with `weights_only=False` (the current default value), which uses the default pickle module implicitly. It is possible to construct malicious pickle data which will execute arbitrary code during unpickling (See https://github.com/pytorch/pytorch/blob/main/SECURITY.md#untrusted-models for more details). In a future release, the default value for `weights_only` will be flipped to `True`. This limits the functions that could be executed during unpickling. Arbitrary objects will no longer be allowed to be loaded via this mode unless they are explicitly allowlisted by the user via `torch.serialization.add_safe_globals`. We recommend you start setting `weights_only=True` for any use case where you don't have full control of the loaded file. Please open an issue on GitHub for any issues related to this experimental feature.
  artifact = torch.load(artifact_info["artifact_path"], map_location=device)
/sda/home/wangyuxin/ConvIR-B/repos/ConvIR-B-v3o-signed-adjacent-advantage-20260712/experience_docx/tools/chd_rm_v3i_a_teacher_compressibility_audit.py:114: UserWarning: The given NumPy array is not writable, and PyTorch does not support non-writable tensors. This means writing to this tensor will result in undefined behavior. You may want to copy the array to protect its data or make it writable before converting it to a tensor. This type of warning will be suppressed for the rest of this program. (Triggered internally at ../torch/csrc/utils/tensor_numpy.cpp:206.)
  image_t = torch.from_numpy(np.asarray(image).transpose(2, 0, 1)).float() / 255.0
v3o_a0_D_ref_25/1200
v3o_a0_D_ref_50/1200
v3o_a0_D_ref_75/1200
v3o_a0_D_ref_100/1200
v3o_a0_D_ref_125/1200
v3o_a0_D_ref_150/1200
v3o_a0_D_ref_175/1200
v3o_a0_D_ref_200/1200
v3o_a0_D_ref_225/1200
v3o_a0_D_ref_250/1200
v3o_a0_D_ref_275/1200
v3o_a0_D_ref_300/1200
v3o_a0_D_ref_325/1200
v3o_a0_D_ref_350/1200
v3o_a0_D_ref_375/1200
v3o_a0_D_ref_400/1200
v3o_a0_D_ref_425/1200
v3o_a0_D_ref_450/1200
v3o_a0_D_ref_475/1200
v3o_a0_D_ref_500/1200
v3o_a0_D_ref_525/1200
v3o_a0_D_ref_550/1200
v3o_a0_D_ref_575/1200
v3o_a0_D_ref_600/1200
v3o_a0_D_ref_625/1200
v3o_a0_D_ref_650/1200
v3o_a0_D_ref_675/1200
v3o_a0_D_ref_700/1200
v3o_a0_D_ref_725/1200
v3o_a0_D_ref_750/1200
v3o_a0_D_ref_775/1200
v3o_a0_D_ref_800/1200
v3o_a0_D_ref_825/1200
v3o_a0_D_ref_850/1200
v3o_a0_D_ref_875/1200
v3o_a0_D_ref_900/1200
v3o_a0_D_ref_925/1200
v3o_a0_D_ref_950/1200
v3o_a0_D_ref_975/1200
v3o_a0_D_ref_1000/1200
v3o_a0_D_ref_1025/1200
v3o_a0_D_ref_1050/1200
v3o_a0_D_ref_1075/1200
v3o_a0_D_ref_1100/1200
v3o_a0_D_ref_1125/1200
v3o_a0_D_ref_1150/1200
v3o_a0_D_ref_1175/1200
v3o_a0_D_ref_1200/1200
v3o_a0_D_rep_25/1200
v3o_a0_D_rep_50/1200
v3o_a0_D_rep_75/1200
v3o_a0_D_rep_100/1200
v3o_a0_D_rep_125/1200
v3o_a0_D_rep_150/1200
v3o_a0_D_rep_175/1200
v3o_a0_D_rep_200/1200
v3o_a0_D_rep_225/1200
v3o_a0_D_rep_250/1200
v3o_a0_D_rep_275/1200
v3o_a0_D_rep_300/1200
v3o_a0_D_rep_325/1200
v3o_a0_D_rep_350/1200
v3o_a0_D_rep_375/1200
v3o_a0_D_rep_400/1200
v3o_a0_D_rep_425/1200
v3o_a0_D_rep_450/1200
v3o_a0_D_rep_475/1200
v3o_a0_D_rep_500/1200
v3o_a0_D_rep_525/1200
v3o_a0_D_rep_550/1200
v3o_a0_D_rep_575/1200
v3o_a0_D_rep_600/1200
v3o_a0_D_rep_625/1200
v3o_a0_D_rep_650/1200
v3o_a0_D_rep_675/1200
v3o_a0_D_rep_700/1200
v3o_a0_D_rep_725/1200
v3o_a0_D_rep_750/1200
v3o_a0_D_rep_775/1200
v3o_a0_D_rep_800/1200
v3o_a0_D_rep_825/1200
v3o_a0_D_rep_850/1200
v3o_a0_D_rep_875/1200
v3o_a0_D_rep_900/1200
v3o_a0_D_rep_925/1200
v3o_a0_D_rep_950/1200
v3o_a0_D_rep_975/1200
v3o_a0_D_rep_1000/1200
v3o_a0_D_rep_1025/1200
v3o_a0_D_rep_1050/1200
v3o_a0_D_rep_1075/1200
v3o_a0_D_rep_1100/1200
v3o_a0_D_rep_1125/1200
v3o_a0_D_rep_1150/1200
v3o_a0_D_rep_1175/1200
v3o_a0_D_rep_1200/1200
{
  "agreement_rows": [
    {
      "field": "candidate_sse_0p125",
      "paired_image_count": 1200,
      "pearson_ref_rep": 0.999999458636094
    },
    {
      "field": "candidate_sse_0p25",
      "paired_image_count": 1200,
      "pearson_ref_rep": 0.9999978005681631
    },
    {
      "field": "candidate_sse_0p5",
      "paired_image_count": 1200,
      "pearson_ref_rep": 0.9999909347687486
    },
    {
      "field": "candidate_sse_1",
      "paired_image_count": 1200,
      "pearson_ref_rep": 0.9999616979934164
    },
    {
      "field": "fixed_psnr_delta",
      "paired_image_count": 1200,
      "pearson_ref_rep": 0.996316286504262
    }
  ],
  "canary_touched": false,
  "candidate_mse_aggregation_tolerance": 1e-10,
  "decision": "V3O_A0_CANDIDATE_SSE_REPLAY_INTEGRITY_FAIL_STOP",
  "fixed_alpha_replay_tolerance_db": 1e-06,
  "gain_rows": [
    {
      "fold": "ALL",
      "gain_0125_to_025_beneficial_block_count": 293415,
      "gain_0125_to_025_beneficial_sse": 1825.8206334740971,
      "gain_0125_to_025_block_count": 1088675,
      "gain_0125_to_025_harmful_block_count": 210558,
      "gain_0125_to_025_harmful_sse": 732.1363133635496,
      "gain_0125_to_025_harmful_to_beneficial": 0.4009902725058323,
      "gain_0125_to_025_net_sse": 1093.6843201105476,
      "gain_025_to_05_beneficial_block_count": 268962,
      "gain_025_to_05_beneficial_sse": 3375.3005898532574,
      "gain_025_to_05_block_count": 1088675,
      "gain_025_to_05_harmful_block_count": 235009,
      "gain_025_to_05_harmful_sse": 1644.499041524421,
      "gain_025_to_05_harmful_to_beneficial": 0.4872155820634382,
      "gain_025_to_05_net_sse": 1730.8015483288364,
      "gain_05_to_10_beneficial_block_count": 224511,
      "gain_05_to_10_beneficial_sse": 5757.873635924188,
      "gain_05_to_10_block_count": 1088675,
      "gain_05_to_10_harmful_block_count": 279454,
      "gain_05_to_10_harmful_sse": 4119.695424414807,
      "gain_05_to_10_harmful_to_beneficial": 0.7154890303099819,
      "gain_05_to_10_net_sse": 1638.178211509381,
      "operator_label": "D_ref"
    },
    {
      "fold": "ALL",
      "gain_0125_to_025_beneficial_block_count": 293232,
      "gain_0125_to_025_beneficial_sse": 1820.5184138171026,
      "gain_0125_to_025_block_count": 1088675,
      "gain_0125_to_025_harmful_block_count": 210754,
      "gain_0125_to_025_harmful_sse": 720.8411594145764,
      "gain_0125_to_025_harmful_to_beneficial": 0.3959537865388465,
      "gain_0125_to_025_net_sse": 1099.6772544025262,
      "gain_025_to_05_beneficial_block_count": 268636,
      "gain_025_to_05_beneficial_sse": 3365.9556917286245,
      "gain_025_to_05_block_count": 1088675,
      "gain_025_to_05_harmful_block_count": 235348,
      "gain_025_to_05_harmful_sse": 1620.224540963045,
      "gain_025_to_05_harmful_to_beneficial": 0.4813564673309649,
      "gain_025_to_05_net_sse": 1745.7311507655795,
      "gain_05_to_10_beneficial_block_count": 223986,
      "gain_05_to_10_beneficial_sse": 5743.598327130312,
      "gain_05_to_10_block_count": 1088675,
      "gain_05_to_10_harmful_block_count": 279991,
      "gain_05_to_10_harmful_sse": 4063.8915106605855,
      "gain_05_to_10_harmful_to_beneficial": 0.7075514823981498,
      "gain_05_to_10_net_sse": 1679.7068164697266,
      "operator_label": "D_rep"
    }
  ],
  "image_count_per_operator": 1200,
  "integrity_rows": [
    {
      "block_count": 1088675,
      "candidate_mse_aggregation_max_abs_diff": 2.839408504325125e-10,
      "candidate_sse_aggregation_pass": false,
      "fixed_alpha_max_abs_psnr_delta_diff_db": 0.0,
      "fixed_replay_pass": true,
      "image_count": 1200,
      "operator_label": "D_ref",
      "seed": 3407
    },
    {
      "block_count": 1088675,
      "candidate_mse_aggregation_max_abs_diff": 3.528073042047275e-10,
      "candidate_sse_aggregation_pass": false,
      "fixed_alpha_max_abs_psnr_delta_diff_db": 0.0,
      "fixed_replay_pass": true,
      "image_count": 1200,
      "operator_label": "D_rep",
      "seed": 3408
    }
  ],
  "locked_test_touched": false,
  "metric_contract": {
    "action_ladder": [
      0.0,
      0.125,
      0.25,
      0.5,
      1.0
    ],
    "baseline": "fixed alpha=0.125 on the same operator/name rows",
    "block_size": 16,
    "primary_loss": "additive RGB block SSE",
    "source_split": "train-derived clean-reference grouped OOF only",
    "transitions": [
      "0.125_to_0.25",
      "0.25_to_0.5",
      "0.5_to_1.0"
    ]
  },
  "next_stage_authorized": "none",
  "phase": "v3o-A0 frozen candidate-SSE and signed-adjacent-gain audit",
  "route_id": "haze4k_v5_chd_rm_v3o_signed_adjacent_advantage_identifiability_20260712",
  "run_mode": "formal",
  "run_tag": "v3o_a0",
  "source_manifest": {
    "action_ladder": [
      0.0,
      0.125,
      0.25,
      0.5,
      1.0
    ],
    "canary_touched": false,
    "fixed_alpha": 0.125,
    "input_sha256": {
      "a0_checkpoint": "6f42037d57a4e3de3a10ac0ab909d66a3415864a19433c29204a975f4efa4088",
      "control_checkpoint": "08207119a5cf9e5c439dd2cb81b99029ade1861f2739d31e75f2f9f78d57c0f2",
      "d7c_artifact": "09f449232024395cf64db15a2a0efa0f12d3e0e049e1da3d67229a3dc5729361",
      "density_artifact": "1ffce13dccb41d96a47c2b5275f87bf2fdb73c226a190cfa240e5c71c1ec326f",
      "fresh_split_manifest": "c8c00fefc965ded3389b6311fc67ea521e1f3174f27793688544abe09dc420e7",
      "parent_a0_closeout": "2ca39ec1e17f4be794121603e3392a4e042e4d93b0e823454f7cf539f172d05d",
      "parent_operator_manifest": "1d2ffa499128ad08a272d67c5439583900afe8ef87fb3256193ad5fe21c3af84",
      "v3m_a0_source_manifest": "8966996c9c93f6f2f3fbdda536b69ea6aa03e1bf5432f127de47ca8ea95dd8a5",
      "v3m_fixed_reference_oof_rows": "b4a10184fab77b0045440dc88530d000a892acf2105a6295d5ad8a488c67ecb1"
    },
    "locked_test_touched": false,
    "operator_labels": [
      "D_ref",
      "D_rep"
    ],
    "parent_evidence_main_commit": "4d097680160e4f6b433b5e6fb62d31df46c28415",
    "raw_block_candidate_losses_cloud_only": "/sda/home/wangyuxin/ConvIR-B/repos/ConvIR-B-v3o-signed-adjacent-advantage-20260712/experience_docx/experiment_logs/haze4k_v5_chd_rm_v3o_signed_adjacent_advantage_identifiability_20260712/v3o_a0_block_candidate_losses_cloud_only.csv",
    "raw_image_candidate_replay_cloud_only": "/sda/home/wangyuxin/ConvIR-B/repos/ConvIR-B-v3o-signed-adjacent-advantage-20260712/experience_docx/experiment_logs/haze4k_v5_chd_rm_v3o_signed_adjacent_advantage_identifiability_20260712/v3o_a0_image_candidate_replay_cloud_only.csv",
    "route_id": "haze4k_v5_chd_rm_v3o_signed_adjacent_advantage_identifiability_20260712",
    "run_mode": "formal",
    "run_tag": "v3o_a0",
    "runnable_source_commit": "2c9cb511627895981c4c489cacd990326185ced6",
    "script_sha256": "597ed8493d95c9203619dd2d37deac35964fbb7190ca8e957e61c1acaf53fa30",
    "training_occurred": false
  },
  "training_occurred": false
}
