/sda/home/wangyuxin/ConvIR-B/repos/ConvIR-B-haze4k-v5-v2e-chd-rm-d7c-control-recall-audit/experience_docx/tools/run_chd_rm_v2_density_need_calibration.py:102: FutureWarning: You are using `torch.load` with `weights_only=False` (the current default value), which uses the default pickle module implicitly. It is possible to construct malicious pickle data which will execute arbitrary code during unpickling (See https://github.com/pytorch/pytorch/blob/main/SECURITY.md#untrusted-models for more details). In a future release, the default value for `weights_only` will be flipped to `True`. This limits the functions that could be executed during unpickling. Arbitrary objects will no longer be allowed to be loaded via this mode unless they are explicitly allowlisted by the user via `torch.serialization.add_safe_globals`. We recommend you start setting `weights_only=True` for any use case where you don't have full control of the loaded file. Please open an issue on GitHub for any issues related to this experimental feature.
  state = torch.load(path, map_location=device)
/sda/home/wangyuxin/ConvIR-B/repos/ConvIR-B-haze4k-v5-v2e-chd-rm-d7c-control-recall-audit/experience_docx/tools/run_chd_rm_v2d_need_spatial_hard_negative.py:85: FutureWarning: You are using `torch.load` with `weights_only=False` (the current default value), which uses the default pickle module implicitly. It is possible to construct malicious pickle data which will execute arbitrary code during unpickling (See https://github.com/pytorch/pytorch/blob/main/SECURITY.md#untrusted-models for more details). In a future release, the default value for `weights_only` will be flipped to `True`. This limits the functions that could be executed during unpickling. Arbitrary objects will no longer be allowed to be loaded via this mode unless they are explicitly allowlisted by the user via `torch.serialization.add_safe_globals`. We recommend you start setting `weights_only=True` for any use case where you don't have full control of the loaded file. Please open an issue on GitHub for any issues related to this experimental feature.
  ckpt = torch.load(ckpt_path, map_location=device)
/sda/home/wangyuxin/ConvIR-B/repos/ConvIR-B-haze4k-v5-v2e-chd-rm-d7c-control-recall-audit/experience_docx/tools/run_chd_rm_v2e_d7c_control_recall_audit.py:177: FutureWarning: You are using `torch.load` with `weights_only=False` (the current default value), which uses the default pickle module implicitly. It is possible to construct malicious pickle data which will execute arbitrary code during unpickling (See https://github.com/pytorch/pytorch/blob/main/SECURITY.md#untrusted-models for more details). In a future release, the default value for `weights_only` will be flipped to `True`. This limits the functions that could be executed during unpickling. Arbitrary objects will no longer be allowed to be loaded via this mode unless they are explicitly allowlisted by the user via `torch.serialization.add_safe_globals`. We recommend you start setting `weights_only=True` for any use case where you don't have full control of the loaded file. Please open an issue on GitHub for any issues related to this experimental feature.
  ckpt = torch.load(path, map_location=device)
COLLECT_TRAIN_BEGIN
collect_train_inner 50/2400
collect_train_inner 100/2400
collect_train_inner 150/2400
collect_train_inner 200/2400
collect_train_inner 250/2400
collect_train_inner 300/2400
collect_train_inner 350/2400
collect_train_inner 400/2400
collect_train_inner 450/2400
collect_train_inner 500/2400
collect_train_inner 550/2400
collect_train_inner 600/2400
collect_train_inner 650/2400
collect_train_inner 700/2400
collect_train_inner 750/2400
collect_train_inner 800/2400
collect_train_inner 850/2400
collect_train_inner 900/2400
collect_train_inner 950/2400
collect_train_inner 1000/2400
collect_train_inner 1050/2400
collect_train_inner 1100/2400
collect_train_inner 1150/2400
collect_train_inner 1200/2400
collect_train_inner 1250/2400
collect_train_inner 1300/2400
collect_train_inner 1350/2400
collect_train_inner 1400/2400
collect_train_inner 1450/2400
collect_train_inner 1500/2400
collect_train_inner 1550/2400
collect_train_inner 1600/2400
collect_train_inner 1650/2400
collect_train_inner 1700/2400
collect_train_inner 1750/2400
collect_train_inner 1800/2400
collect_train_inner 1850/2400
collect_train_inner 1900/2400
collect_train_inner 1950/2400
collect_train_inner 2000/2400
collect_train_inner 2050/2400
collect_train_inner 2100/2400
collect_train_inner 2150/2400
collect_train_inner 2200/2400
collect_train_inner 2250/2400
collect_train_inner 2300/2400
collect_train_inner 2350/2400
collect_train_inner 2400/2400
COLLECT_VAL_BEGIN
collect_val_inner 50/600
collect_val_inner 100/600
collect_val_inner 150/600
collect_val_inner 200/600
collect_val_inner 250/600
collect_val_inner 300/600
collect_val_inner 350/600
collect_val_inner 400/600
collect_val_inner 450/600
collect_val_inner 500/600
collect_val_inner 550/600
collect_val_inner 600/600
permutation_null 10/100
permutation_null 20/100
permutation_null 30/100
permutation_null 40/100
permutation_null 50/100
permutation_null 60/100
permutation_null 70/100
permutation_null 80/100
permutation_null 90/100
permutation_null 100/100
TRAIN_CONTROL_perm_all_supervision_BEGIN
train_perm_all_supervision epoch=1 step=50/300 loss=0.658786
train_perm_all_supervision epoch=1 step=100/300 loss=0.624175
train_perm_all_supervision epoch=1 step=150/300 loss=0.622883
train_perm_all_supervision epoch=1 step=200/300 loss=0.631805
train_perm_all_supervision epoch=1 step=250/300 loss=0.615796
train_perm_all_supervision epoch=1 step=300/300 loss=0.622673
train_perm_all_supervision epoch=2 step=50/300 loss=0.623482
train_perm_all_supervision epoch=2 step=100/300 loss=0.623845
train_perm_all_supervision epoch=2 step=150/300 loss=0.624763
train_perm_all_supervision epoch=2 step=200/300 loss=0.620621
train_perm_all_supervision epoch=2 step=250/300 loss=0.625304
train_perm_all_supervision epoch=2 step=300/300 loss=0.627987
train_perm_all_supervision epoch=3 step=50/300 loss=0.623645
train_perm_all_supervision epoch=3 step=100/300 loss=0.627373
train_perm_all_supervision epoch=3 step=150/300 loss=0.621618
train_perm_all_supervision epoch=3 step=200/300 loss=0.627471
train_perm_all_supervision epoch=3 step=250/300 loss=0.618080
train_perm_all_supervision epoch=3 step=300/300 loss=0.630174
train_perm_all_supervision epoch=4 step=50/300 loss=0.623119
train_perm_all_supervision epoch=4 step=100/300 loss=0.625135
train_perm_all_supervision epoch=4 step=150/300 loss=0.612968
train_perm_all_supervision epoch=4 step=200/300 loss=0.626544
train_perm_all_supervision epoch=4 step=250/300 loss=0.613170
train_perm_all_supervision epoch=4 step=300/300 loss=0.625215
train_perm_all_supervision epoch=5 step=50/300 loss=0.624516
train_perm_all_supervision epoch=5 step=100/300 loss=0.623362
train_perm_all_supervision epoch=5 step=150/300 loss=0.617919
train_perm_all_supervision epoch=5 step=200/300 loss=0.634309
train_perm_all_supervision epoch=5 step=250/300 loss=0.622220
train_perm_all_supervision epoch=5 step=300/300 loss=0.619352
train_perm_all_supervision epoch=6 step=50/300 loss=0.627143
train_perm_all_supervision epoch=6 step=100/300 loss=0.623454
train_perm_all_supervision epoch=6 step=150/300 loss=0.619629
train_perm_all_supervision epoch=6 step=200/300 loss=0.618975
train_perm_all_supervision epoch=6 step=250/300 loss=0.620503
train_perm_all_supervision epoch=6 step=300/300 loss=0.624955
collect_val_perm_all_supervision 50/600
collect_val_perm_all_supervision 100/600
collect_val_perm_all_supervision 150/600
collect_val_perm_all_supervision 200/600
collect_val_perm_all_supervision 250/600
collect_val_perm_all_supervision 300/600
collect_val_perm_all_supervision 350/600
collect_val_perm_all_supervision 400/600
collect_val_perm_all_supervision 450/600
collect_val_perm_all_supervision 500/600
collect_val_perm_all_supervision 550/600
collect_val_perm_all_supervision 600/600
TRAIN_CONTROL_perm_need_keep_density_BEGIN
train_perm_need_keep_density epoch=1 step=50/300 loss=0.646251
train_perm_need_keep_density epoch=1 step=100/300 loss=0.631608
train_perm_need_keep_density epoch=1 step=150/300 loss=0.616408
train_perm_need_keep_density epoch=1 step=200/300 loss=0.622575
train_perm_need_keep_density epoch=1 step=250/300 loss=0.621891
train_perm_need_keep_density epoch=1 step=300/300 loss=0.629507
train_perm_need_keep_density epoch=2 step=50/300 loss=0.613104
train_perm_need_keep_density epoch=2 step=100/300 loss=0.625547
train_perm_need_keep_density epoch=2 step=150/300 loss=0.616811
train_perm_need_keep_density epoch=2 step=200/300 loss=0.623649
train_perm_need_keep_density epoch=2 step=250/300 loss=0.624628
train_perm_need_keep_density epoch=2 step=300/300 loss=0.627603
train_perm_need_keep_density epoch=3 step=50/300 loss=0.628282
train_perm_need_keep_density epoch=3 step=100/300 loss=0.623551
train_perm_need_keep_density epoch=3 step=150/300 loss=0.619368
train_perm_need_keep_density epoch=3 step=200/300 loss=0.619189
train_perm_need_keep_density epoch=3 step=250/300 loss=0.617831
train_perm_need_keep_density epoch=3 step=300/300 loss=0.625151
train_perm_need_keep_density epoch=4 step=50/300 loss=0.626340
train_perm_need_keep_density epoch=4 step=100/300 loss=0.621837
train_perm_need_keep_density epoch=4 step=150/300 loss=0.618688
train_perm_need_keep_density epoch=4 step=200/300 loss=0.621531
train_perm_need_keep_density epoch=4 step=250/300 loss=0.620834
train_perm_need_keep_density epoch=4 step=300/300 loss=0.617364
train_perm_need_keep_density epoch=5 step=50/300 loss=0.623135
train_perm_need_keep_density epoch=5 step=100/300 loss=0.620642
train_perm_need_keep_density epoch=5 step=150/300 loss=0.621809
train_perm_need_keep_density epoch=5 step=200/300 loss=0.641171
train_perm_need_keep_density epoch=5 step=250/300 loss=0.618639
train_perm_need_keep_density epoch=5 step=300/300 loss=0.615061
train_perm_need_keep_density epoch=6 step=50/300 loss=0.606078
train_perm_need_keep_density epoch=6 step=100/300 loss=0.615180
train_perm_need_keep_density epoch=6 step=150/300 loss=0.620579
train_perm_need_keep_density epoch=6 step=200/300 loss=0.622624
train_perm_need_keep_density epoch=6 step=250/300 loss=0.621721
train_perm_need_keep_density epoch=6 step=300/300 loss=0.625405
collect_val_perm_need_keep_density 50/600
collect_val_perm_need_keep_density 100/600
collect_val_perm_need_keep_density 150/600
collect_val_perm_need_keep_density 200/600
collect_val_perm_need_keep_density 250/600
collect_val_perm_need_keep_density 300/600
collect_val_perm_need_keep_density 350/600
collect_val_perm_need_keep_density 400/600
collect_val_perm_need_keep_density 450/600
collect_val_perm_need_keep_density 500/600
collect_val_perm_need_keep_density 550/600
collect_val_perm_need_keep_density 600/600
{
  "decision": "PAUSE_V2E_CONTROLS_CLEAN_BUT_LDHN_RECALL_LOW_RUN_D7C_RP",
  "output_dir": "/sda/home/wangyuxin/ConvIR-B/repos/ConvIR-B-haze4k-v5-v2e-chd-rm-d7c-control-recall-audit/experience_docx/experiment_logs/haze4k_v5_chd_rm_v2e_d7c_control_recall_audit_20260709"
}
