{
  "all_checks_pass": true,
  "base_psnr": 39.63625717163086,
  "locked_test_touched": false,
  "phase": "P2 loss/gradient/scale sanity",
  "route_id": "haze4k_v2_33_nopost_teacher_benefit_source_and_bilfcf_trainability_audit_20260705",
  "rows": [
    {
      "after_psnr": 41.24489212036133,
      "base_psnr": 41.24489212036133,
      "base_psnr_scan_crop": 39.63625717163086,
      "before_psnr": 41.24489212036133,
      "check": "preservation_only",
      "gradient_finite": true,
      "identity_mean_abs_vs_A0_after": 0.0,
      "loss_drop": 0.0,
      "loss_end": 0.0010000000474974513,
      "loss_start": 0.0010000000474974513,
      "max_grad_norm_before_clip": 0.0,
      "pass": true,
      "psnr_gain_vs_A0": 0.0,
      "sample_index": 8,
      "sample_name": "1008_0.52_1.98.png",
      "train_steps": 24,
      "trainable_param_count": 50657,
      "update_norm": 0.0
    },
    {
      "after_psnr": 41.257301330566406,
      "base_psnr": 41.24489212036133,
      "base_psnr_scan_crop": 39.63625717163086,
      "before_psnr": 41.24489212036133,
      "check": "one_image_gt_overfit",
      "gradient_finite": true,
      "identity_mean_abs_vs_A0_after": 4.919480124954134e-05,
      "loss_drop": 1.5727244317531586e-05,
      "loss_end": 0.00818118080496788,
      "loss_start": 0.008196908049285412,
      "max_grad_norm_before_clip": 0.00012558791786432266,
      "pass": true,
      "psnr_gain_vs_A0": 0.012409210205078125,
      "sample_index": 8,
      "sample_name": "1008_0.52_1.98.png",
      "train_steps": 24,
      "trainable_param_count": 50657,
      "update_norm": 0.39247738652669406
    },
    {
      "after_psnr": 41.25096893310547,
      "base_psnr": 41.24489212036133,
      "base_psnr_scan_crop": 39.63625717163086,
      "before_psnr": 41.24489212036133,
      "check": "lowfreq_positive_delta",
      "gradient_finite": true,
      "identity_mean_abs_vs_A0_after": 2.327049514860846e-05,
      "loss_drop": 7.112976163625717e-06,
      "loss_end": 0.005340951960533857,
      "loss_start": 0.005348064936697483,
      "max_grad_norm_before_clip": 4.556635758490302e-05,
      "pass": true,
      "psnr_gain_vs_A0": 0.006076812744140625,
      "sample_index": 8,
      "sample_name": "1008_0.52_1.98.png",
      "train_steps": 24,
      "trainable_param_count": 50657,
      "update_norm": 0.3569680007507801
    },
    {
      "after_psnr": 41.232967376708984,
      "base_psnr": 41.24489212036133,
      "base_psnr_scan_crop": 39.63625717163086,
      "before_psnr": 41.24489212036133,
      "check": "lowfreq_sign_flip_control",
      "gradient_finite": true,
      "identity_mean_abs_vs_A0_after": 4.786219142260961e-05,
      "loss_drop": 1.41216441988945e-05,
      "loss_end": 0.005219445563852787,
      "loss_start": 0.0052335672080516815,
      "max_grad_norm_before_clip": 0.00013113650493323803,
      "pass": true,
      "psnr_gain_vs_A0": -0.01192474365234375,
      "sample_index": 8,
      "sample_name": "1008_0.52_1.98.png",
      "train_steps": 24,
      "trainable_param_count": 50657,
      "update_norm": 0.3576572518656554
    },
    {
      "check": "sign_flip_positive_vs_reverse",
      "pass": true,
      "positive_loss_drop": 7.112976163625717e-06,
      "positive_psnr_gain": 0.006076812744140625,
      "reverse_loss_drop": 1.41216441988945e-05,
      "reverse_psnr_gain": -0.01192474365234375,
      "sample_name": "1008_0.52_1.98.png"
    }
  ],
  "sample_index": 8,
  "sample_name": "1008_0.52_1.98.png"
}
