Traceback (most recent call last):
  File "/sda/home/wangyuxin/ConvIR-B/repos/ConvIR-B-haze4k-v2-33-nopost-teacher-benefit-source-and-bilfcf-trainability-audit/experience_docx/tools/run_haze4k_v233_nopost_audit.py", line 879, in <module>
    main()
  File "/sda/home/wangyuxin/ConvIR-B/repos/ConvIR-B-haze4k-v2-33-nopost-teacher-benefit-source-and-bilfcf-trainability-audit/experience_docx/tools/run_haze4k_v233_nopost_audit.py", line 870, in main
    payload = run_p2(args)
  File "/sda/home/wangyuxin/ConvIR-B/repos/ConvIR-B-haze4k-v2-33-nopost-teacher-benefit-source-and-bilfcf-trainability-audit/experience_docx/tools/run_haze4k_v233_nopost_audit.py", line 595, in run_p2
    rows = [train_micro_objective(args, objective, index, name, base_psnr) for objective in (
  File "/sda/home/wangyuxin/ConvIR-B/repos/ConvIR-B-haze4k-v2-33-nopost-teacher-benefit-source-and-bilfcf-trainability-audit/experience_docx/tools/run_haze4k_v233_nopost_audit.py", line 595, in <listcomp>
    rows = [train_micro_objective(args, objective, index, name, base_psnr) for objective in (
  File "/sda/home/wangyuxin/ConvIR-B/repos/ConvIR-B-haze4k-v2-33-nopost-teacher-benefit-source-and-bilfcf-trainability-audit/experience_docx/tools/run_haze4k_v233_nopost_audit.py", line 535, in train_micro_objective
    before_psnr = psnr_per_sample(torch.clamp(candidate(x)[2], 0, 1), y).item()
  File "/sda/home/wangyuxin/ConvIR-B/envs/convir-cu121/lib/python3.10/site-packages/torch/nn/modules/module.py", line 1736, in _wrapped_call_impl
    return self._call_impl(*args, **kwargs)
  File "/sda/home/wangyuxin/ConvIR-B/envs/convir-cu121/lib/python3.10/site-packages/torch/nn/modules/module.py", line 1747, in _call_impl
    return forward_call(*args, **kwargs)
  File "/sda/home/wangyuxin/ConvIR-B/repos/ConvIR-B-haze4k-v2-33-nopost-teacher-benefit-source-and-bilfcf-trainability-audit/Dehazing/ITS/models/ConvIR.py", line 270, in forward
    res1 = self.Encoder[0](x_)
  File "/sda/home/wangyuxin/ConvIR-B/envs/convir-cu121/lib/python3.10/site-packages/torch/nn/modules/module.py", line 1736, in _wrapped_call_impl
    return self._call_impl(*args, **kwargs)
  File "/sda/home/wangyuxin/ConvIR-B/envs/convir-cu121/lib/python3.10/site-packages/torch/nn/modules/module.py", line 1747, in _call_impl
    return forward_call(*args, **kwargs)
  File "/sda/home/wangyuxin/ConvIR-B/repos/ConvIR-B-haze4k-v2-33-nopost-teacher-benefit-source-and-bilfcf-trainability-audit/Dehazing/ITS/models/ConvIR.py", line 18, in forward
    return self.layers(x)
  File "/sda/home/wangyuxin/ConvIR-B/envs/convir-cu121/lib/python3.10/site-packages/torch/nn/modules/module.py", line 1736, in _wrapped_call_impl
    return self._call_impl(*args, **kwargs)
  File "/sda/home/wangyuxin/ConvIR-B/envs/convir-cu121/lib/python3.10/site-packages/torch/nn/modules/module.py", line 1747, in _call_impl
    return forward_call(*args, **kwargs)
  File "/sda/home/wangyuxin/ConvIR-B/envs/convir-cu121/lib/python3.10/site-packages/torch/nn/modules/container.py", line 250, in forward
    input = module(input)
  File "/sda/home/wangyuxin/ConvIR-B/envs/convir-cu121/lib/python3.10/site-packages/torch/nn/modules/module.py", line 1736, in _wrapped_call_impl
    return self._call_impl(*args, **kwargs)
  File "/sda/home/wangyuxin/ConvIR-B/envs/convir-cu121/lib/python3.10/site-packages/torch/nn/modules/module.py", line 1747, in _call_impl
    return forward_call(*args, **kwargs)
  File "/sda/home/wangyuxin/ConvIR-B/repos/ConvIR-B-haze4k-v2-33-nopost-teacher-benefit-source-and-bilfcf-trainability-audit/Dehazing/ITS/models/layers.py", line 39, in forward
    return self.main(x) + x
  File "/sda/home/wangyuxin/ConvIR-B/envs/convir-cu121/lib/python3.10/site-packages/torch/nn/modules/module.py", line 1736, in _wrapped_call_impl
    return self._call_impl(*args, **kwargs)
  File "/sda/home/wangyuxin/ConvIR-B/envs/convir-cu121/lib/python3.10/site-packages/torch/nn/modules/module.py", line 1747, in _call_impl
    return forward_call(*args, **kwargs)
  File "/sda/home/wangyuxin/ConvIR-B/envs/convir-cu121/lib/python3.10/site-packages/torch/nn/modules/container.py", line 250, in forward
    input = module(input)
  File "/sda/home/wangyuxin/ConvIR-B/envs/convir-cu121/lib/python3.10/site-packages/torch/nn/modules/module.py", line 1736, in _wrapped_call_impl
    return self._call_impl(*args, **kwargs)
  File "/sda/home/wangyuxin/ConvIR-B/envs/convir-cu121/lib/python3.10/site-packages/torch/nn/modules/module.py", line 1747, in _call_impl
    return forward_call(*args, **kwargs)
  File "/sda/home/wangyuxin/ConvIR-B/repos/ConvIR-B-haze4k-v2-33-nopost-teacher-benefit-source-and-bilfcf-trainability-audit/Dehazing/ITS/models/layers.py", line 68, in forward
    y = self.dynas[i](self.convs[i](self.pools[i](x)))
  File "/sda/home/wangyuxin/ConvIR-B/envs/convir-cu121/lib/python3.10/site-packages/torch/nn/modules/module.py", line 1736, in _wrapped_call_impl
    return self._call_impl(*args, **kwargs)
  File "/sda/home/wangyuxin/ConvIR-B/envs/convir-cu121/lib/python3.10/site-packages/torch/nn/modules/module.py", line 1747, in _call_impl
    return forward_call(*args, **kwargs)
  File "/sda/home/wangyuxin/ConvIR-B/repos/ConvIR-B-haze4k-v2-33-nopost-teacher-benefit-source-and-bilfcf-trainability-audit/Dehazing/ITS/models/layers.py", line 190, in forward
    x2 = self.square_att(x)
  File "/sda/home/wangyuxin/ConvIR-B/envs/convir-cu121/lib/python3.10/site-packages/torch/nn/modules/module.py", line 1736, in _wrapped_call_impl
    return self._call_impl(*args, **kwargs)
  File "/sda/home/wangyuxin/ConvIR-B/envs/convir-cu121/lib/python3.10/site-packages/torch/nn/modules/module.py", line 1747, in _call_impl
    return forward_call(*args, **kwargs)
  File "/sda/home/wangyuxin/ConvIR-B/repos/ConvIR-B-haze4k-v2-33-nopost-teacher-benefit-source-and-bilfcf-trainability-audit/Dehazing/ITS/models/layers.py", line 106, in forward
    low_filter = self.bn(low_filter)
  File "/sda/home/wangyuxin/ConvIR-B/envs/convir-cu121/lib/python3.10/site-packages/torch/nn/modules/module.py", line 1736, in _wrapped_call_impl
    return self._call_impl(*args, **kwargs)
  File "/sda/home/wangyuxin/ConvIR-B/envs/convir-cu121/lib/python3.10/site-packages/torch/nn/modules/module.py", line 1747, in _call_impl
    return forward_call(*args, **kwargs)
  File "/sda/home/wangyuxin/ConvIR-B/envs/convir-cu121/lib/python3.10/site-packages/torch/nn/modules/batchnorm.py", line 193, in forward
    return F.batch_norm(
  File "/sda/home/wangyuxin/ConvIR-B/envs/convir-cu121/lib/python3.10/site-packages/torch/nn/functional.py", line 2810, in batch_norm
    _verify_batch_size(input.size())
  File "/sda/home/wangyuxin/ConvIR-B/envs/convir-cu121/lib/python3.10/site-packages/torch/nn/functional.py", line 2776, in _verify_batch_size
    raise ValueError(
ValueError: Expected more than 1 value per channel when training, got input size torch.Size([1, 72, 1, 1])
