{
  "all_checks_pass": true,
  "base_psnr": 39.63625717163086,
  "locked_test_touched": false,
  "phase": "P2 loss/gradient/scale sanity",
  "route_id": "haze4k_v2_33_nopost_teacher_benefit_source_and_bilfcf_trainability_audit_20260705",
  "rows": [
    {
      "after_psnr": 41.24489212036133,
      "base_psnr": 39.63625717163086,
      "before_psnr": 41.24489212036133,
      "check": "preservation_only",
      "gradient_finite": true,
      "identity_mean_abs_vs_A0_after": 0.0,
      "loss_drop": 0.0,
      "loss_end": 0.0010000000474974513,
      "loss_start": 0.0010000000474974513,
      "max_grad_norm_before_clip": 0.0,
      "pass": true,
      "psnr_gain_vs_A0": 1.6086349487304688,
      "sample_index": 8,
      "sample_name": "1008_0.52_1.98.png",
      "train_steps": 24,
      "trainable_param_count": 50657,
      "update_norm": 0.0
    },
    {
      "after_psnr": 41.25717544555664,
      "base_psnr": 39.63625717163086,
      "before_psnr": 41.24489212036133,
      "check": "one_image_gt_overfit",
      "gradient_finite": true,
      "identity_mean_abs_vs_A0_after": 4.924037057207897e-05,
      "loss_drop": 1.5771016478538513e-05,
      "loss_end": 0.008181137032806873,
      "loss_start": 0.008196908049285412,
      "max_grad_norm_before_clip": 0.00012558461457956582,
      "pass": true,
      "psnr_gain_vs_A0": 1.6209182739257812,
      "sample_index": 8,
      "sample_name": "1008_0.52_1.98.png",
      "train_steps": 24,
      "trainable_param_count": 50657,
      "update_norm": 0.3924780713582919
    },
    {
      "after_psnr": 41.250919342041016,
      "base_psnr": 39.63625717163086,
      "before_psnr": 41.24489212036133,
      "check": "lowfreq_positive_delta",
      "gradient_finite": true,
      "identity_mean_abs_vs_A0_after": 2.303202018083539e-05,
      "loss_drop": 7.028225809335709e-06,
      "loss_end": 0.005341036710888147,
      "loss_start": 0.005348064936697483,
      "max_grad_norm_before_clip": 4.556875137495808e-05,
      "pass": true,
      "psnr_gain_vs_A0": 1.6146621704101562,
      "sample_index": 8,
      "sample_name": "1008_0.52_1.98.png",
      "train_steps": 24,
      "trainable_param_count": 50657,
      "update_norm": 0.35696789943811413
    },
    {
      "after_psnr": 41.232994079589844,
      "base_psnr": 39.63625717163086,
      "before_psnr": 41.24489212036133,
      "check": "lowfreq_sign_flip_control",
      "gradient_finite": true,
      "identity_mean_abs_vs_A0_after": 4.7866178647382185e-05,
      "loss_drop": 1.4102086424827576e-05,
      "loss_end": 0.005219465121626854,
      "loss_start": 0.0052335672080516815,
      "max_grad_norm_before_clip": 0.00013114734611008316,
      "pass": true,
      "psnr_gain_vs_A0": 1.5967369079589844,
      "sample_index": 8,
      "sample_name": "1008_0.52_1.98.png",
      "train_steps": 24,
      "trainable_param_count": 50657,
      "update_norm": 0.35765571825182413
    },
    {
      "check": "sign_flip_positive_vs_reverse",
      "pass": true,
      "positive_loss_drop": 7.028225809335709e-06,
      "positive_psnr_gain": 1.6146621704101562,
      "reverse_loss_drop": 1.4102086424827576e-05,
      "reverse_psnr_gain": 1.5967369079589844,
      "sample_name": "1008_0.52_1.98.png"
    }
  ],
  "sample_index": 8,
  "sample_name": "1008_0.52_1.98.png"
}
