V229_SAFE_OOF_ACTION_BANK_AUDIT_START device=cuda
V229_SELECTED_SAMPLES count=80 stage_sets=S6_early_mid_final,S5_bottleneck_mid,S4_final_decode
V229_ORACLE_PROGRESS 10/80
V229_ORACLE_PROGRESS 20/80
V229_ORACLE_PROGRESS 30/80
V229_ORACLE_PROGRESS 40/80
V229_ORACLE_PROGRESS 50/80
V229_ORACLE_PROGRESS 60/80
V229_ORACLE_PROGRESS 70/80
V229_ORACLE_PROGRESS 80/80
V229_REPLAY_PROGRESS 10/80 rows=4856
V229_REPLAY_PROGRESS 20/80 rows=9615
V229_REPLAY_PROGRESS 30/80 rows=14442
V229_REPLAY_PROGRESS 40/80 rows=19154
V229_REPLAY_PROGRESS 50/80 rows=23895
V229_REPLAY_PROGRESS 60/80 rows=28749
V229_REPLAY_PROGRESS 70/80 rows=33643
V229_REPLAY_PROGRESS 80/80 rows=38620
V229_REPLAY_COMPLETE rows=38620
V229_SAFE_OOF_ACTION_BANK_AUDIT_OK P2A_FAIL_SAFE_OOF_ACTION_BANK_CALIBRATION_PAUSE
