Namespace(model_name='ConvIR-Haze4K-v32-p2r1-wddecoder-seed3407-20260707', data='Haze4K', version='base', fam_mode='original', arch='convir_wd_lite', convir_wd_train_scope='wd_decoder', convir_wd_decoder_learning_rate=1e-05, convir_wd_dwt_low_weight=0.05, convir_wd_dwt_high_weight=0.01, convir_wd_y_weight=0.05, seed=3407, mode='train', data_dir='/sda/home/wangyuxin/ConvIR-B/datasets/Haze4K/Haze4K_v32_p2_fold0_train480_val120', batch_size=4, learning_rate=0.0002, weight_decay=0.0, num_epoch=20, stop_epoch=20, print_freq=30, num_worker=4, save_freq=5, valid_freq=5, mod_stats_freq=5, mod_stats_batches=32, grad_clip_norm=0.01, init_model='/sda/home/wangyuxin/ConvIR-B/checkpoints/official/Haze4K/haze4k-base.pkl', resume='', test_model='', save_image=False, leaning_rate=0.0002, model_save_dir='results/ConvIR-Haze4K-v32-p2r1-wddecoder-seed3407-20260707/Training-Results/', result_dir='results/ConvIR-Haze4K-v32-p2r1-wddecoder-seed3407-20260707/images/Haze4K')
/sda/home/wangyuxin/ConvIR-B/repos/ConvIR-B-v3-2-convir-wd/Dehazing/ITS/main.py:14: FutureWarning: You are using `torch.load` with `weights_only=False` (the current default value), which uses the default pickle module implicitly. It is possible to construct malicious pickle data which will execute arbitrary code during unpickling (See https://github.com/pytorch/pytorch/blob/main/SECURITY.md#untrusted-models for more details). In a future release, the default value for `weights_only` will be flipped to `True`. This limits the functions that could be executed during unpickling. Arbitrary objects will no longer be allowed to be loaded via this mode unless they are explicitly allowlisted by the user via `torch.serialization.add_safe_globals`. We recommend you start setting `weights_only=True` for any use case where you don't have full control of the loaded file. Please open an issue on GitHub for any issues related to this experimental feature.
  state = torch.load(path, map_location=map_location)
INIT_MODEL_PARTIAL_LOAD path=/sda/home/wangyuxin/ConvIR-B/checkpoints/official/Haze4K/haze4k-base.pkl loaded=602 missing_new=24 unexpected=[] shape_mismatch=[]
TRAINABLE_SCOPE convir_wd scope=wd_decoder trainable=4453433 frozen=4486704 groups=WD@0.0002,decoder@1e-05
/sda/home/wangyuxin/ConvIR-B/envs/convir-cu121/lib/python3.10/site-packages/torch/optim/lr_scheduler.py:224: UserWarning: Detected call of `lr_scheduler.step()` before `optimizer.step()`. In PyTorch 1.1.0 and later, you should call them in the opposite order: `optimizer.step()` before `lr_scheduler.step()`.  Failure to do this will result in PyTorch skipping the first value of the learning rate schedule. See more details at https://pytorch.org/docs/stable/optim.html#how-to-adjust-learning-rate
  warnings.warn(
Time:  0.0764 Epoch: 001 Iter:   30/ 120 LR: 0.0000666667 Loss content:  0.0183 Loss fft:  0.8461
Time:  0.0498 Epoch: 001 Iter:   60/ 120 LR: 0.0000666667 Loss content:  0.0191 Loss fft:  0.8926
Time:  0.0491 Epoch: 001 Iter:   90/ 120 LR: 0.0000666667 Loss content:  0.0188 Loss fft:  0.8355
Time:  0.0451 Epoch: 001 Iter:  120/ 120 LR: 0.0000666667 Loss content:  0.0179 Loss fft:  0.8409
EPOCH: 01
Elapsed time: 0.22 Epoch Pixel Loss:  0.0185 Epoch FFT Loss:  0.8538
Time:  0.0545 Epoch: 002 Iter:   30/ 120 LR: 0.0001333333 Loss content:  0.0182 Loss fft:  0.8614
Time:  0.0482 Epoch: 002 Iter:   60/ 120 LR: 0.0001333333 Loss content:  0.0181 Loss fft:  0.8647
Time:  0.0478 Epoch: 002 Iter:   90/ 120 LR: 0.0001333333 Loss content:  0.0180 Loss fft:  0.8273
Time:  0.0465 Epoch: 002 Iter:  120/ 120 LR: 0.0001333333 Loss content:  0.0189 Loss fft:  0.8548
EPOCH: 02
Elapsed time: 0.20 Epoch Pixel Loss:  0.0183 Epoch FFT Loss:  0.8521
Time:  0.0528 Epoch: 003 Iter:   30/ 120 LR: 0.0002000000 Loss content:  0.0178 Loss fft:  0.8199
Time:  0.0482 Epoch: 003 Iter:   60/ 120 LR: 0.0002000000 Loss content:  0.0184 Loss fft:  0.8558
Time:  0.0478 Epoch: 003 Iter:   90/ 120 LR: 0.0002000000 Loss content:  0.0190 Loss fft:  0.8706
Time:  0.0468 Epoch: 003 Iter:  120/ 120 LR: 0.0002000000 Loss content:  0.0185 Loss fft:  0.8517
EPOCH: 03
Elapsed time: 0.20 Epoch Pixel Loss:  0.0185 Epoch FFT Loss:  0.8495
/sda/home/wangyuxin/ConvIR-B/envs/convir-cu121/lib/python3.10/site-packages/torch/optim/lr_scheduler.py:1087: UserWarning: To get the last learning rate computed by the scheduler, please use `get_last_lr()`.
  _warn_get_lr_called_within_step(self)
Time:  0.0523 Epoch: 004 Iter:   30/ 120 LR: 0.0002000000 Loss content:  0.0179 Loss fft:  0.8683
Time:  0.0486 Epoch: 004 Iter:   60/ 120 LR: 0.0002000000 Loss content:  0.0190 Loss fft:  0.8585
Time:  0.0474 Epoch: 004 Iter:   90/ 120 LR: 0.0002000000 Loss content:  0.0175 Loss fft:  0.8198
Time:  0.0468 Epoch: 004 Iter:  120/ 120 LR: 0.0002000000 Loss content:  0.0191 Loss fft:  0.8814
EPOCH: 04
Elapsed time: 0.20 Epoch Pixel Loss:  0.0184 Epoch FFT Loss:  0.8570
Time:  0.0525 Epoch: 005 Iter:   30/ 120 LR: 0.0001966261 Loss content:  0.0180 Loss fft:  0.8694
Time:  0.0472 Epoch: 005 Iter:   60/ 120 LR: 0.0001966261 Loss content:  0.0184 Loss fft:  0.8337
Time:  0.0456 Epoch: 005 Iter:   90/ 120 LR: 0.0001966261 Loss content:  0.0188 Loss fft:  0.8572
Time:  0.0447 Epoch: 005 Iter:  120/ 120 LR: 0.0001966261 Loss content:  0.0189 Loss fft:  0.8454
EPOCH: 05
Elapsed time: 0.20 Epoch Pixel Loss:  0.0185 Epoch FFT Loss:  0.8514
Start Evaluation

000
001
002
003
004
005
006
007
008
009
010
011
012
013
014
015
016
017
018
019
020
021
022
023
024
025
026
027
028
029
030
031
032
033
034
035
036
037
038
039
040
041
042
043
044
045
046
047
048
049
050
051
052
053
054
055
056
057
058
059
060
061
062
063
064
065
066
067
068
069
070
071
072
073
074
075
076
077
078
079
080
081
082
083
084
085
086
087
088
089
090
091
092
093
094
095
096
097
098
099
100
101
102
103
104
105
106
107
108
109
110
111
112
113
114
115
116
117
118
119

WD_STATS Epoch: 005 Block: bottleneck Samples: 32 gamma_abs_mean: 0.00030582 beta_abs_mean: 0.00019441
WD_STATS Epoch: 005 Block: decoder1 Samples: 32 gamma_abs_mean: 0.00006404 beta_abs_mean: 0.00005398
WD_STATS Epoch: 005 Block: decoder2 Samples: 32 gamma_abs_mean: 0.00014329 beta_abs_mean: 0.00011675
005 epoch
 Average PSNR 36.98 dB
Time:  0.0525 Epoch: 006 Iter:   30/ 120 LR: 0.0001883841 Loss content:  0.0181 Loss fft:  0.8443
Time:  0.0478 Epoch: 006 Iter:   60/ 120 LR: 0.0001883841 Loss content:  0.0180 Loss fft:  0.8609
Time:  0.0467 Epoch: 006 Iter:   90/ 120 LR: 0.0001883841 Loss content:  0.0170 Loss fft:  0.8334
Time:  0.0452 Epoch: 006 Iter:  120/ 120 LR: 0.0001883841 Loss content:  0.0188 Loss fft:  0.8442
EPOCH: 06
Elapsed time: 0.20 Epoch Pixel Loss:  0.0180 Epoch FFT Loss:  0.8457
Time:  0.0515 Epoch: 007 Iter:   30/ 120 LR: 0.0001772606 Loss content:  0.0177 Loss fft:  0.8476
Time:  0.0465 Epoch: 007 Iter:   60/ 120 LR: 0.0001772606 Loss content:  0.0185 Loss fft:  0.8549
Time:  0.0466 Epoch: 007 Iter:   90/ 120 LR: 0.0001772606 Loss content:  0.0181 Loss fft:  0.8248
Time:  0.0451 Epoch: 007 Iter:  120/ 120 LR: 0.0001772606 Loss content:  0.0196 Loss fft:  0.8890
EPOCH: 07
Elapsed time: 0.19 Epoch Pixel Loss:  0.0185 Epoch FFT Loss:  0.8541
Time:  0.0508 Epoch: 008 Iter:   30/ 120 LR: 0.0001636312 Loss content:  0.0187 Loss fft:  0.8719
Time:  0.0459 Epoch: 008 Iter:   60/ 120 LR: 0.0001636312 Loss content:  0.0182 Loss fft:  0.8035
Time:  0.0473 Epoch: 008 Iter:   90/ 120 LR: 0.0001636312 Loss content:  0.0181 Loss fft:  0.8811
Time:  0.0460 Epoch: 008 Iter:  120/ 120 LR: 0.0001636312 Loss content:  0.0173 Loss fft:  0.8215
EPOCH: 08
Elapsed time: 0.19 Epoch Pixel Loss:  0.0181 Epoch FFT Loss:  0.8445
Time:  0.0522 Epoch: 009 Iter:   30/ 120 LR: 0.0001479570 Loss content:  0.0186 Loss fft:  0.8419
Time:  0.0458 Epoch: 009 Iter:   60/ 120 LR: 0.0001479570 Loss content:  0.0176 Loss fft:  0.8507
Time:  0.0457 Epoch: 009 Iter:   90/ 120 LR: 0.0001479570 Loss content:  0.0182 Loss fft:  0.8419
Time:  0.0440 Epoch: 009 Iter:  120/ 120 LR: 0.0001479570 Loss content:  0.0183 Loss fft:  0.8577
EPOCH: 09
Elapsed time: 0.19 Epoch Pixel Loss:  0.0182 Epoch FFT Loss:  0.8481
Time:  0.0520 Epoch: 010 Iter:   30/ 120 LR: 0.0001307681 Loss content:  0.0177 Loss fft:  0.8410
Time:  0.0462 Epoch: 010 Iter:   60/ 120 LR: 0.0001307681 Loss content:  0.0181 Loss fft:  0.8824
Time:  0.0479 Epoch: 010 Iter:   90/ 120 LR: 0.0001307681 Loss content:  0.0182 Loss fft:  0.8467
Time:  0.0453 Epoch: 010 Iter:  120/ 120 LR: 0.0001307681 Loss content:  0.0185 Loss fft:  0.8729
EPOCH: 10
Elapsed time: 0.20 Epoch Pixel Loss:  0.0181 Epoch FFT Loss:  0.8608
Start Evaluation

000
001
002
003
004
005
006
007
008
009
010
011
012
013
014
015
016
017
018
019
020
021
022
023
024
025
026
027
028
029
030
031
032
033
034
035
036
037
038
039
040
041
042
043
044
045
046
047
048
049
050
051
052
053
054
055
056
057
058
059
060
061
062
063
064
065
066
067
068
069
070
071
072
073
074
075
076
077
078
079
080
081
082
083
084
085
086
087
088
089
090
091
092
093
094
095
096
097
098
099
100
101
102
103
104
105
106
107
108
109
110
111
112
113
114
115
116
117
118
119

WD_STATS Epoch: 010 Block: bottleneck Samples: 32 gamma_abs_mean: 0.00044383 beta_abs_mean: 0.00019463
WD_STATS Epoch: 010 Block: decoder1 Samples: 32 gamma_abs_mean: 0.00009190 beta_abs_mean: 0.00005964
WD_STATS Epoch: 010 Block: decoder2 Samples: 32 gamma_abs_mean: 0.00017169 beta_abs_mean: 0.00008736
010 epoch
 Average PSNR 36.98 dB
Time:  0.0523 Epoch: 011 Iter:   30/ 120 LR: 0.0001126458 Loss content:  0.0181 Loss fft:  0.8781
Time:  0.0481 Epoch: 011 Iter:   60/ 120 LR: 0.0001126458 Loss content:  0.0184 Loss fft:  0.8616
Time:  0.0492 Epoch: 011 Iter:   90/ 120 LR: 0.0001126458 Loss content:  0.0182 Loss fft:  0.8305
Time:  0.0455 Epoch: 011 Iter:  120/ 120 LR: 0.0001126458 Loss content:  0.0174 Loss fft:  0.8036
EPOCH: 11
Elapsed time: 0.20 Epoch Pixel Loss:  0.0180 Epoch FFT Loss:  0.8434
Time:  0.0539 Epoch: 012 Iter:   30/ 120 LR: 0.0000942024 Loss content:  0.0170 Loss fft:  0.8371
Time:  0.0491 Epoch: 012 Iter:   60/ 120 LR: 0.0000942024 Loss content:  0.0188 Loss fft:  0.8785
Time:  0.0486 Epoch: 012 Iter:   90/ 120 LR: 0.0000942024 Loss content:  0.0171 Loss fft:  0.8076
Time:  0.0451 Epoch: 012 Iter:  120/ 120 LR: 0.0000942024 Loss content:  0.0189 Loss fft:  0.8617
EPOCH: 12
Elapsed time: 0.20 Epoch Pixel Loss:  0.0179 Epoch FFT Loss:  0.8462
Time:  0.0532 Epoch: 013 Iter:   30/ 120 LR: 0.0000760600 Loss content:  0.0195 Loss fft:  0.8794
Time:  0.0493 Epoch: 013 Iter:   60/ 120 LR: 0.0000760600 Loss content:  0.0181 Loss fft:  0.8556
Time:  0.0494 Epoch: 013 Iter:   90/ 120 LR: 0.0000760600 Loss content:  0.0189 Loss fft:  0.8694
Time:  0.0475 Epoch: 013 Iter:  120/ 120 LR: 0.0000760600 Loss content:  0.0183 Loss fft:  0.8438
EPOCH: 13
Elapsed time: 0.20 Epoch Pixel Loss:  0.0187 Epoch FFT Loss:  0.8620
Time:  0.0536 Epoch: 014 Iter:   30/ 120 LR: 0.0000588285 Loss content:  0.0170 Loss fft:  0.7889
Time:  0.0471 Epoch: 014 Iter:   60/ 120 LR: 0.0000588285 Loss content:  0.0182 Loss fft:  0.8885
Time:  0.0467 Epoch: 014 Iter:   90/ 120 LR: 0.0000588285 Loss content:  0.0185 Loss fft:  0.8480
Time:  0.0449 Epoch: 014 Iter:  120/ 120 LR: 0.0000588285 Loss content:  0.0184 Loss fft:  0.8512
EPOCH: 14
Elapsed time: 0.20 Epoch Pixel Loss:  0.0180 Epoch FFT Loss:  0.8442
Time:  0.0512 Epoch: 015 Iter:   30/ 120 LR: 0.0000430838 Loss content:  0.0165 Loss fft:  0.8015
Time:  0.0483 Epoch: 015 Iter:   60/ 120 LR: 0.0000430838 Loss content:  0.0187 Loss fft:  0.8864
Time:  0.0456 Epoch: 015 Iter:   90/ 120 LR: 0.0000430838 Loss content:  0.0187 Loss fft:  0.8560
Time:  0.0444 Epoch: 015 Iter:  120/ 120 LR: 0.0000430838 Loss content:  0.0185 Loss fft:  0.8616
EPOCH: 15
Elapsed time: 0.19 Epoch Pixel Loss:  0.0181 Epoch FFT Loss:  0.8514
Start Evaluation

000
001
002
003
004
005
006
007
008
009
010
011
012
013
014
015
016
017
018
019
020
021
022
023
024
025
026
027
028
029
030
031
032
033
034
035
036
037
038
039
040
041
042
043
044
045
046
047
048
049
050
051
052
053
054
055
056
057
058
059
060
061
062
063
064
065
066
067
068
069
070
071
072
073
074
075
076
077
078
079
080
081
082
083
084
085
086
087
088
089
090
091
092
093
094
095
096
097
098
099
100
101
102
103
104
105
106
107
108
109
110
111
112
113
114
115
116
117
118
119

WD_STATS Epoch: 015 Block: bottleneck Samples: 32 gamma_abs_mean: 0.00049002 beta_abs_mean: 0.00019040
WD_STATS Epoch: 015 Block: decoder1 Samples: 32 gamma_abs_mean: 0.00009852 beta_abs_mean: 0.00007191
WD_STATS Epoch: 015 Block: decoder2 Samples: 32 gamma_abs_mean: 0.00016951 beta_abs_mean: 0.00010965
015 epoch
 Average PSNR 37.03 dB
Time:  0.0528 Epoch: 016 Iter:   30/ 120 LR: 0.0000293458 Loss content:  0.0176 Loss fft:  0.8203
Time:  0.0491 Epoch: 016 Iter:   60/ 120 LR: 0.0000293458 Loss content:  0.0191 Loss fft:  0.8656
Time:  0.0474 Epoch: 016 Iter:   90/ 120 LR: 0.0000293458 Loss content:  0.0181 Loss fft:  0.8590
Time:  0.0470 Epoch: 016 Iter:  120/ 120 LR: 0.0000293458 Loss content:  0.0183 Loss fft:  0.8500
EPOCH: 16
Elapsed time: 0.20 Epoch Pixel Loss:  0.0183 Epoch FFT Loss:  0.8487
Time:  0.0509 Epoch: 017 Iter:   30/ 120 LR: 0.0000180563 Loss content:  0.0177 Loss fft:  0.8419
Time:  0.0466 Epoch: 017 Iter:   60/ 120 LR: 0.0000180563 Loss content:  0.0186 Loss fft:  0.8717
Time:  0.0470 Epoch: 017 Iter:   90/ 120 LR: 0.0000180563 Loss content:  0.0180 Loss fft:  0.8532
Time:  0.0453 Epoch: 017 Iter:  120/ 120 LR: 0.0000180563 Loss content:  0.0172 Loss fft:  0.8345
EPOCH: 17
Elapsed time: 0.20 Epoch Pixel Loss:  0.0179 Epoch FFT Loss:  0.8503
Time:  0.0539 Epoch: 018 Iter:   30/ 120 LR: 0.0000095531 Loss content:  0.0188 Loss fft:  0.8539
Time:  0.0476 Epoch: 018 Iter:   60/ 120 LR: 0.0000095531 Loss content:  0.0178 Loss fft:  0.8061
Time:  0.0482 Epoch: 018 Iter:   90/ 120 LR: 0.0000095531 Loss content:  0.0186 Loss fft:  0.9008
Time:  0.0471 Epoch: 018 Iter:  120/ 120 LR: 0.0000095531 Loss content:  0.0182 Loss fft:  0.8466
EPOCH: 18
Elapsed time: 0.20 Epoch Pixel Loss:  0.0184 Epoch FFT Loss:  0.8518
Time:  0.0552 Epoch: 019 Iter:   30/ 120 LR: 0.0000040292 Loss content:  0.0187 Loss fft:  0.8863
Time:  0.0498 Epoch: 019 Iter:   60/ 120 LR: 0.0000040292 Loss content:  0.0174 Loss fft:  0.8225
Time:  0.0484 Epoch: 019 Iter:   90/ 120 LR: 0.0000040292 Loss content:  0.0178 Loss fft:  0.8256
Time:  0.0471 Epoch: 019 Iter:  120/ 120 LR: 0.0000040292 Loss content:  0.0178 Loss fft:  0.8604
EPOCH: 19
Elapsed time: 0.21 Epoch Pixel Loss:  0.0179 Epoch FFT Loss:  0.8487
Time:  0.0520 Epoch: 020 Iter:   30/ 120 LR: 0.0000014272 Loss content:  0.0182 Loss fft:  0.8476
Time:  0.0504 Epoch: 020 Iter:   60/ 120 LR: 0.0000014272 Loss content:  0.0177 Loss fft:  0.8418
Time:  0.0485 Epoch: 020 Iter:   90/ 120 LR: 0.0000014272 Loss content:  0.0186 Loss fft:  0.8783
Time:  0.0475 Epoch: 020 Iter:  120/ 120 LR: 0.0000014272 Loss content:  0.0175 Loss fft:  0.8260
EPOCH: 20
Elapsed time: 0.20 Epoch Pixel Loss:  0.0180 Epoch FFT Loss:  0.8484
Start Evaluation

000
001
002
003
004
005
006
007
008
009
010
011
012
013
014
015
016
017
018
019
020
021
022
023
024
025
026
027
028
029
030
031
032
033
034
035
036
037
038
039
040
041
042
043
044
045
046
047
048
049
050
051
052
053
054
055
056
057
058
059
060
061
062
063
064
065
066
067
068
069
070
071
072
073
074
075
076
077
078
079
080
081
082
083
084
085
086
087
088
089
090
091
092
093
094
095
096
097
098
099
100
101
102
103
104
105
106
107
108
109
110
111
112
113
114
115
116
117
118
119

WD_STATS Epoch: 020 Block: bottleneck Samples: 32 gamma_abs_mean: 0.00049733 beta_abs_mean: 0.00019105
WD_STATS Epoch: 020 Block: decoder1 Samples: 32 gamma_abs_mean: 0.00009952 beta_abs_mean: 0.00006912
WD_STATS Epoch: 020 Block: decoder2 Samples: 32 gamma_abs_mean: 0.00017132 beta_abs_mean: 0.00010353
020 epoch
 Average PSNR 36.99 dB
