V231_FEATURE_PROGRESS 10
V231_FEATURE_PROGRESS 20
V231_FEATURE_PROGRESS 30
V231_FEATURE_PROGRESS 40
V231_FEATURE_PROGRESS 50
V231_FEATURE_PROGRESS 60
V231_FEATURE_PROGRESS 70
V231_FEATURE_PROGRESS 80
V229_SELECTED_SAMPLES count=80 stage_sets=S6_early_mid_final,S5_bottleneck_mid,S4_final_decoder
V229_ORACLE_PROGRESS 10/80
V229_ORACLE_PROGRESS 20/80
V229_ORACLE_PROGRESS 30/80
V229_ORACLE_PROGRESS 40/80
V229_ORACLE_PROGRESS 50/80
V229_ORACLE_PROGRESS 60/80
V229_ORACLE_PROGRESS 70/80
V229_ORACLE_PROGRESS 80/80
V229_REPLAY_PROGRESS 10/80 rows=4856
V229_REPLAY_PROGRESS 20/80 rows=9605
V229_REPLAY_PROGRESS 30/80 rows=14416
V229_REPLAY_PROGRESS 40/80 rows=19128
V229_REPLAY_PROGRESS 50/80 rows=23882
V229_REPLAY_PROGRESS 60/80 rows=28718
V229_REPLAY_PROGRESS 70/80 rows=33586
V229_REPLAY_PROGRESS 80/80 rows=38535
/sda/home/wangyuxin/ConvIR-B/repos/ConvIR-B-v2-31-nopost-action-value-identifiability-audit/experience_docx/tools/nopost_v231_action_value_identifiability_audit.py:381: UserWarning: std(): degrees of freedom is <= 0. Correction should be strictly less than the reduction factor (input numel divided by output numel). (Triggered internally at ../aten/src/ATen/native/ReduceOps.cpp:1823.)
  sig = xtr.std(dim=0, unbiased=False, keepdim=True).clamp_min(1e-6)
V231_CLUSTER_REPLAY_PROGRESS 10/80 rows=678
V231_CLUSTER_REPLAY_PROGRESS 20/80 rows=1230
V231_CLUSTER_REPLAY_PROGRESS 30/80 rows=1848
V231_CLUSTER_REPLAY_PROGRESS 40/80 rows=2460
V231_CLUSTER_REPLAY_PROGRESS 50/80 rows=3018
V231_CLUSTER_REPLAY_PROGRESS 60/80 rows=3659
V231_CLUSTER_REPLAY_PROGRESS 70/80 rows=4327
V231_CLUSTER_REPLAY_PROGRESS 80/80 rows=5010
V231_ACTION_VALUE_IDENTIFIABILITY_AUDIT_OK P2A_FAIL_ACTION_VALUE_IDENTIFIABILITY_CLOSE_CURRENT_BANK
