/sda/home/wangyuxin/ConvIR-B/envs/convir-cu121/lib/python3.10/site-packages/torchvision/models/_utils.py:208: UserWarning: The parameter 'pretrained' is deprecated since 0.13 and may be removed in the future, please use 'weights' instead.
  warnings.warn(
/sda/home/wangyuxin/ConvIR-B/envs/convir-cu121/lib/python3.10/site-packages/torchvision/models/_utils.py:223: UserWarning: Arguments other than a weight enum or `None` for 'weights' are deprecated since 0.13 and may be removed in the future. The current behavior is equivalent to passing `weights=VGG19_Weights.IMAGENET1K_V1`. You can also use `weights=VGG19_Weights.DEFAULT` to get the most up-to-date weights.
  warnings.warn(msg)
{
  "state": "ENGINEERING_SMOKE_PASS",
  "model": "aecr",
  "upstream_commit": "d046d0f5f849692ddb6eb6eb3d14f23c86ff5ca6",
  "torch": "2.5.1+cu121",
  "gpu": "NVIDIA GeForce RTX 4090",
  "source": "/sda/home/wangyuxin/ConvIR-B/repos/aecr-net-upstream-20260921",
  "data": "/sda/home/wangyuxin/ConvIR-B/datasets/Haze4K/Haze4K",
  "train_hazy_count": 3000,
  "paired_train_count": 3000,
  "sample": "1000_0.74_1.6.png",
  "crop_size": 64,
  "output_shape": [
    1,
    3,
    64,
    64
  ],
  "loss": 0.6254346370697021,
  "contrast_loss": 1.406843900680542,
  "nonzero_gradient_tensors": 32,
  "checkpoint": "/sda/home/wangyuxin/ConvIR-B/runs/aecr_ffa_repro_20260921_smoke/aecr_smoke.pt",
  "locked_test_touched": false
}
AECR_SMOKE_OK
