<stdin>:27: FutureWarning: You are using `torch.load` with `weights_only=False` (the current default value), which uses the default pickle module implicitly. It is possible to construct malicious pickle data which will execute arbitrary code during unpickling (See https://github.com/pytorch/pytorch/blob/main/SECURITY.md#untrusted-models for more details). In a future release, the default value for `weights_only` will be flipped to `True`. This limits the functions that could be executed during unpickling. Arbitrary objects will no longer be allowed to be loaded via this mode unless they are explicitly allowlisted by the user via `torch.serialization.add_safe_globals`. We recommend you start setting `weights_only=True` for any use case where you don't have full control of the loaded file. Please open an issue on GitHub for any issues related to this experimental feature.
audit 32/128 mean_delta=-0.060747
audit 64/128 mean_delta=-0.026442
audit 96/128 mean_delta=0.006158
audit 128/128 mean_delta=0.030318
{
  "a0_checkpoint": "/sda/home/wangyuxin/ConvIR-B/checkpoints/official/Haze4K/haze4k-base.pkl",
  "audit": "train_sorted_first128_final_vs_a0",
  "best_delta_psnr": 0.711761474609375,
  "candidate_checkpoint": "/sda/home/wangyuxin/ConvIR-B/repos/ConvIR-B-haze4k-v4-2-gst-only/Dehazing/ITS/results/ConvIR-Haze4K-v4A2-GST-adapter-notest-seed3407-20260707/Training-Results/Final.pkl",
  "count": 128,
  "locked_test_touched": false,
  "mean_delta_psnr": 0.030317559838294983,
  "mean_delta_ssim": 5.385512486100197e-05,
  "median_delta_psnr": 0.023708343505859375,
  "p5_delta_psnr": -0.2722772598266602,
  "p95_delta_psnr": 0.3557992935180668,
  "positive_ratio": 0.5546875,
  "route_id": "haze4k_v4_2_gst_only_20260707",
  "runtime_sec": 11.262213706970215,
  "sample_policy": "sorted first 128 files from Haze4K train/haze; this is train-fit/mechanism sanity, not generalization evidence",
  "test_split_enumerated": false,
  "worst_delta_psnr": -0.5011405944824219
}
