Namespace(model_name='ConvIR-Haze4K-v3d-fam2modres-control-e5frome1-seed3407-20260710', data='Haze4K', version='base', fam_mode='fam2_modres', arch='convir', seed=3407, d7c_gate_mode='none', d7c_base_checkpoint='', d7c_density_artifact='', d7c_need_artifact='', d7c_threshold=0.5773006677627563, allow_fam2_partial_init=False, mode='train', data_dir='/sda/home/wangyuxin/ConvIR-B/datasets/Haze4K/Haze4K', batch_size=8, learning_rate=0.0001, weight_decay=0.0001, num_epoch=1000, stop_epoch=5, print_freq=50, num_worker=8, save_freq=5, valid_freq=999, mod_stats_freq=0, mod_stats_batches=64, grad_clip_norm=0.001, rarm_train_scope='fam2_modulator_only', init_model='', resume='/sda/home/wangyuxin/ConvIR-B/repos/ConvIR-B-v3d-rarm-adapter-only-preflight/Dehazing/ITS/results/ConvIR-Haze4K-v3d-fam2modres-control-e1-seed3407-20260710/Training-Results/model.pkl', test_model='', save_image=False, leaning_rate=0.0001, model_save_dir='results/ConvIR-Haze4K-v3d-fam2modres-control-e5frome1-seed3407-20260710/Training-Results/', result_dir='results/ConvIR-Haze4K-v3d-fam2modres-control-e5frome1-seed3407-20260710/images/Haze4K')
TRAIN_SCOPE scope=fam2_modulator_only trainable_count=8320 frozen_count=8630665 total_count=8638985 trainable_names=['FAM2.modulator.weight', 'FAM2.modulator.bias']
/sda/home/wangyuxin/ConvIR-B/envs/convir-cu121/lib/python3.10/site-packages/torch/optim/lr_scheduler.py:224: UserWarning: Detected call of `lr_scheduler.step()` before `optimizer.step()`. In PyTorch 1.1.0 and later, you should call them in the opposite order: `optimizer.step()` before `lr_scheduler.step()`.  Failure to do this will result in PyTorch skipping the first value of the learning rate schedule. See more details at https://pytorch.org/docs/stable/optim.html#how-to-adjust-learning-rate
  warnings.warn(
/sda/home/wangyuxin/ConvIR-B/repos/ConvIR-B-v3d-rarm-adapter-only-preflight/Dehazing/ITS/train.py:132: FutureWarning: You are using `torch.load` with `weights_only=False` (the current default value), which uses the default pickle module implicitly. It is possible to construct malicious pickle data which will execute arbitrary code during unpickling (See https://github.com/pytorch/pytorch/blob/main/SECURITY.md#untrusted-models for more details). In a future release, the default value for `weights_only` will be flipped to `True`. This limits the functions that could be executed during unpickling. Arbitrary objects will no longer be allowed to be loaded via this mode unless they are explicitly allowlisted by the user via `torch.serialization.add_safe_globals`. We recommend you start setting `weights_only=True` for any use case where you don't have full control of the loaded file. Please open an issue on GitHub for any issues related to this experimental feature.
  state = torch.load(args.resume, map_location='cpu')
Resume from 1
Time:  0.1049 Epoch: 002 Iter:   50/ 375 LR: 0.0000333333 Loss content:  0.0169 Loss fft:  0.7990
Time:  0.0826 Epoch: 002 Iter:  100/ 375 LR: 0.0000333333 Loss content:  0.0165 Loss fft:  0.8202
Time:  0.0828 Epoch: 002 Iter:  150/ 375 LR: 0.0000333333 Loss content:  0.0161 Loss fft:  0.8013
Time:  0.0824 Epoch: 002 Iter:  200/ 375 LR: 0.0000333333 Loss content:  0.0173 Loss fft:  0.8127
Time:  0.0827 Epoch: 002 Iter:  250/ 375 LR: 0.0000333333 Loss content:  0.0167 Loss fft:  0.8286
Time:  0.0826 Epoch: 002 Iter:  300/ 375 LR: 0.0000333333 Loss content:  0.0171 Loss fft:  0.8366
Time:  0.0828 Epoch: 002 Iter:  350/ 375 LR: 0.0000333333 Loss content:  0.0166 Loss fft:  0.7945
EPOCH: 02
Elapsed time: 0.65 Epoch Pixel Loss:  0.0168 Epoch FFT Loss:  0.8145
Time:  0.0902 Epoch: 003 Iter:   50/ 375 LR: 0.0000666667 Loss content:  0.0171 Loss fft:  0.8244
Time:  0.0826 Epoch: 003 Iter:  100/ 375 LR: 0.0000666667 Loss content:  0.0170 Loss fft:  0.8114
Time:  0.0823 Epoch: 003 Iter:  150/ 375 LR: 0.0000666667 Loss content:  0.0167 Loss fft:  0.8324
Time:  0.0823 Epoch: 003 Iter:  200/ 375 LR: 0.0000666667 Loss content:  0.0158 Loss fft:  0.8002
Time:  0.0824 Epoch: 003 Iter:  250/ 375 LR: 0.0000666667 Loss content:  0.0165 Loss fft:  0.8090
Time:  0.0825 Epoch: 003 Iter:  300/ 375 LR: 0.0000666667 Loss content:  0.0162 Loss fft:  0.7902
Time:  0.0850 Epoch: 003 Iter:  350/ 375 LR: 0.0000666667 Loss content:  0.0168 Loss fft:  0.8161
EPOCH: 03
Elapsed time: 0.63 Epoch Pixel Loss:  0.0166 Epoch FFT Loss:  0.8108
Time:  0.0890 Epoch: 004 Iter:   50/ 375 LR: 0.0001000000 Loss content:  0.0170 Loss fft:  0.8146
Time:  0.0824 Epoch: 004 Iter:  100/ 375 LR: 0.0001000000 Loss content:  0.0163 Loss fft:  0.8058
Time:  0.0824 Epoch: 004 Iter:  150/ 375 LR: 0.0001000000 Loss content:  0.0170 Loss fft:  0.8356
Time:  0.0824 Epoch: 004 Iter:  200/ 375 LR: 0.0001000000 Loss content:  0.0164 Loss fft:  0.8101
Time:  0.0824 Epoch: 004 Iter:  250/ 375 LR: 0.0001000000 Loss content:  0.0163 Loss fft:  0.8097
Time:  0.0824 Epoch: 004 Iter:  300/ 375 LR: 0.0001000000 Loss content:  0.0167 Loss fft:  0.8085
Time:  0.0849 Epoch: 004 Iter:  350/ 375 LR: 0.0001000000 Loss content:  0.0166 Loss fft:  0.8103
EPOCH: 04
Elapsed time: 0.63 Epoch Pixel Loss:  0.0165 Epoch FFT Loss:  0.8122
/sda/home/wangyuxin/ConvIR-B/envs/convir-cu121/lib/python3.10/site-packages/torch/optim/lr_scheduler.py:1087: UserWarning: To get the last learning rate computed by the scheduler, please use `get_last_lr()`.
  _warn_get_lr_called_within_step(self)
Time:  0.0894 Epoch: 005 Iter:   50/ 375 LR: 0.0001000000 Loss content:  0.0161 Loss fft:  0.8025
Time:  0.0828 Epoch: 005 Iter:  100/ 375 LR: 0.0001000000 Loss content:  0.0165 Loss fft:  0.8145
Time:  0.0825 Epoch: 005 Iter:  150/ 375 LR: 0.0001000000 Loss content:  0.0167 Loss fft:  0.8296
Time:  0.0829 Epoch: 005 Iter:  200/ 375 LR: 0.0001000000 Loss content:  0.0167 Loss fft:  0.7993
Time:  0.0830 Epoch: 005 Iter:  250/ 375 LR: 0.0001000000 Loss content:  0.0162 Loss fft:  0.8046
Time:  0.0862 Epoch: 005 Iter:  300/ 375 LR: 0.0001000000 Loss content:  0.0165 Loss fft:  0.8197
Time:  0.0828 Epoch: 005 Iter:  350/ 375 LR: 0.0001000000 Loss content:  0.0163 Loss fft:  0.8137
EPOCH: 05
Elapsed time: 0.64 Epoch Pixel Loss:  0.0165 Epoch FFT Loss:  0.8143
